
[1m[7m[36m RUN [39m[27m[22m [36mv2.1.9 [39m[90mC:/Users/brani/Documents/GitHub/neural-ticker-core/frontend[39m

 [31mΓ¥»[39m src/pages/PortfolioPage.test.tsx [2m([22m[2m7 tests[22m[2m | [22m[31m7 failed[39m[2m)[22m[90m 39[2mms[22m[39m
[31m   [31m├ù[31m PortfolioPage[2m > [22mrenders correctly and calculates stats[90m 24[2mms[22m[31m[39m
[31m     ΓåÆ useCurrency must be used within a CurrencyProvider[39m
[31m   [31m├ù[31m PortfolioPage[2m > [22mfilters positions by search[90m 3[2mms[22m[31m[39m
[31m     ΓåÆ useCurrency must be used within a CurrencyProvider[39m
[31m   [31m├ù[31m PortfolioPage[2m > [22mhandles delete action[90m 3[2mms[22m[31m[39m
[31m     ΓåÆ useCurrency must be used within a CurrencyProvider[39m
[31m   [31m├ù[31m PortfolioPage[2m > [22mopens add dialog[90m 2[2mms[22m[31m[39m
[31m     ΓåÆ useCurrency must be used within a CurrencyProvider[39m
[31m   [31m├ù[31m PortfolioPage[2m > [22mopens AI analyzer[90m 3[2mms[22m[31m[39m
[31m     ΓåÆ useCurrency must be used within a CurrencyProvider[39m
[31m   [31m├ù[31m PortfolioPage[2m > [22mopens edit dialog[90m 2[2mms[22m[31m[39m
[31m     ΓåÆ useCurrency must be used within a CurrencyProvider[39m
[31m   [31m├ù[31m PortfolioPage[2m > [22mhandles mobile FAB menu[90m 1[2mms[22m[31m[39m
[31m     ΓåÆ useCurrency must be used within a CurrencyProvider[39m

ΓÄ»ΓÄ»ΓÄ»ΓÄ»ΓÄ»ΓÄ»ΓÄ» Failed Tests 7 ΓÄ»ΓÄ»ΓÄ»ΓÄ»ΓÄ»ΓÄ»ΓÄ»

 FAIL  src/pages/PortfolioPage.test.tsx > PortfolioPage > renders correctly and calculates stats
 FAIL  src/pages/PortfolioPage.test.tsx > PortfolioPage > filters positions by search
 FAIL  src/pages/PortfolioPage.test.tsx > PortfolioPage > handles delete action
 FAIL  src/pages/PortfolioPage.test.tsx > PortfolioPage > opens add dialog
 FAIL  src/pages/PortfolioPage.test.tsx > PortfolioPage > opens AI analyzer
 FAIL  src/pages/PortfolioPage.test.tsx > PortfolioPage > opens edit dialog
 FAIL  src/pages/PortfolioPage.test.tsx > PortfolioPage > handles mobile FAB menu
Error: useCurrency must be used within a CurrencyProvider
 Γ¥» Module.useCurrency src/context/CurrencyContext.tsx:124:23
    122| export const useCurrency = () => {
    123|   const context = useContext(CurrencyContext);
    124|   if (!context) throw new Error('useCurrency must be used within a CurΓÇª
       |                       ^
    125|   return context;
    126| };
 Γ¥» PortfolioPage src/pages/PortfolioPage.tsx:68:31
 Γ¥» Object.react_stack_bottom_frame node_modules/react-dom/cjs/react-dom-client.development.js:25904:20
 Γ¥» renderWithHooks node_modules/react-dom/cjs/react-dom-client.development.js:7662:22
 Γ¥» updateFunctionComponent node_modules/react-dom/cjs/react-dom-client.development.js:10166:19
 Γ¥» beginWork node_modules/react-dom/cjs/react-dom-client.development.js:11778:18
 Γ¥» runWithFiberInDEV node_modules/react-dom/cjs/react-dom-client.development.js:874:13
 Γ¥» performUnitOfWork node_modules/react-dom/cjs/react-dom-client.development.js:17641:22
 Γ¥» workLoopSync node_modules/react-dom/cjs/react-dom-client.development.js:17469:41
 Γ¥» renderRootSync node_modules/react-dom/cjs/react-dom-client.development.js:17450:11

ΓÄ»ΓÄ»ΓÄ»ΓÄ»ΓÄ»ΓÄ»ΓÄ»ΓÄ»ΓÄ»ΓÄ»ΓÄ»ΓÄ»ΓÄ»ΓÄ»ΓÄ»ΓÄ»ΓÄ»ΓÄ»ΓÄ»ΓÄ»ΓÄ»ΓÄ»ΓÄ»ΓÄ»[1/7]ΓÄ»

[2m Test Files [22m [1m[31m1 failed[39m[22m[90m (1)[39m
[2m      Tests [22m [1m[31m7 failed[39m[22m[90m (7)[39m
[2m   Start at [22m 00:29:47
[2m   Duration [22m 1.69s[2m (transform 109ms, setup 105ms, collect 241ms, tests 39ms, environment 648ms, prepare 128ms)[22m

