
> neural-ticker-core@0.2.5 test
> jest

(node:7324) [DEP0040] DeprecationWarning: The `punycode` module is deprecated. Please use a userland alternative instead.
(Use `node --trace-deprecation ...` to show where the warning was created)
PASS src/modules/auth/auth.controller.spec.ts
  ΓùÅ Console

    console.log
      [dotenv@17.2.3] injecting env (15) from .env -- tip: ≡ƒùé∩╕Å backup and recover secrets: https://dotenvx.com/ops

      at _log (../node_modules/dotenv/lib/main.js:142:11)

PASS src/modules/research/research.digest.spec.ts
  ΓùÅ Console

    console.log
      [dotenv@17.2.3] injecting env (15) from .env -- tip: ΓÜÖ∩╕Å  override existing env vars with { override: true }

      at _log (../node_modules/dotenv/lib/main.js:142:11)

[Nest] 15500  - 10. 01. 2026 13:32:37   ERROR [TickersService] Finnhub fetch error for UNKNOWN: API error
[Nest] 15500  - 10. 01. 2026 13:32:37   ERROR [TickersService] Unexpected Yahoo fallback error for UNKNOWN: Cannot read properties of undefined (reading 'catch')
[Nest] 16980  - 10. 01. 2026 13:32:37   ERROR [RiskRewardService] Failed to generate analysis for INVALID from note note-1: Ticker not found
PASS src/modules/research/research.service.spec.ts
  ΓùÅ Console

    console.log
      [dotenv@17.2.3] injecting env (15) from .env -- tip: ΓÜÖ∩╕Å  override existing env vars with { override: true }

      at _log (../node_modules/dotenv/lib/main.js:142:11)

    console.log
      NotificationsService: [class NotificationsService]

      at Object.<anonymous> (modules/research/research.service.spec.ts:19:9)

[Nest] 15500  - 10. 01. 2026 13:32:37   ERROR [TickersService] Failed to download logo from https://logo.com/aapl.png: Cannot read properties of undefined (reading 'content-type')
PASS src/modules/market-data/market-data.service.spec.ts
  ΓùÅ Console

    console.log
      [dotenv@17.2.3] injecting env (15) from .env -- tip: Γ£à audit secrets and track compliance: https://dotenvx.com/ops

      at _log (../node_modules/dotenv/lib/main.js:142:11)

[Nest] 15500  - 10. 01. 2026 13:32:37   ERROR [TickersService] Unexpected Yahoo fallback error for BAD: Cannot read properties of undefined (reading 'catch')
[Nest] 17392  - 10. 01. 2026 13:32:37   ERROR [StockTwitsService] Failed to fetch posts for AAPL: Network error
[Nest] 15500  - 10. 01. 2026 13:32:37   ERROR [TickersService] Finnhub fetch error for TEST: Network error
[Nest] 15500  - 10. 01. 2026 13:32:37   ERROR [TickersService] Unexpected Yahoo fallback error for TEST: Cannot read properties of undefined (reading 'catch')
[Nest] 15500  - 10. 01. 2026 13:32:37   ERROR [TickersService] Failed to download logo from https://bad.com: Network error
PASS src/modules/watchlist/watchlist.service.spec.ts
  ΓùÅ Console

    console.log
      [dotenv@17.2.3] injecting env (15) from .env -- tip: ≡ƒ¢á∩╕Å  run anywhere with `dotenvx run -- yourcommand`

      at _log (../node_modules/dotenv/lib/main.js:142:11)

[Nest] 17392  - 10. 01. 2026 13:32:37   ERROR [StockTwitsService] Failed to track watchers for AAPL: Network error
PASS src/modules/risk-reward/risk-reward.service.spec.ts
  ΓùÅ Console

    console.log
      [dotenv@17.2.3] injecting env (15) from .env -- tip: ≡ƒöä add secrets lifecycle management: https://dotenvx.com/ops

      at _log (../node_modules/dotenv/lib/main.js:142:11)

[Nest] 15500  - 10. 01. 2026 13:32:37   ERROR [TickersService] Finnhub search failed: this.finnhubService.searchSymbols is not a function
PASS src/modules/stocktwits/stocktwits.service.spec.ts
  ΓùÅ Console

    console.log
      [dotenv@17.2.3] injecting env (15) from .env -- tip: ≡ƒöä add secrets lifecycle management: https://dotenvx.com/ops

      at _log (../node_modules/dotenv/lib/main.js:142:11)

PASS src/modules/tickers/tickers.service.spec.ts
  ΓùÅ Console

    console.log
      [dotenv@17.2.3] injecting env (15) from .env -- tip: ΓÜÖ∩╕Å  write to custom object with { processEnv: myObject }

      at _log (../node_modules/dotenv/lib/main.js:142:11)

PASS src/modules/research/research.controller.spec.ts
  ΓùÅ Console

    console.log
      [dotenv@17.2.3] injecting env (15) from .env -- tip: ≡ƒæÑ sync secrets across teammates & machines: https://dotenvx.com/ops

      at _log (../node_modules/dotenv/lib/main.js:142:11)

(node:7420) [DEP0040] DeprecationWarning: The `punycode` module is deprecated. Please use a userland alternative instead.
(Use `node --trace-deprecation ...` to show where the warning was created)
PASS src/modules/tickers/tickers.controller.spec.ts
  ΓùÅ Console

    console.log
      [dotenv@17.2.3] injecting env (15) from .env -- tip: ≡ƒ¢á∩╕Å  run anywhere with `dotenvx run -- yourcommand`

      at _log (../node_modules/dotenv/lib/main.js:142:11)

PASS src/modules/watchlist/watchlist.controller.spec.ts
  ΓùÅ Console

    console.log
      [dotenv@17.2.3] injecting env (15) from .env -- tip: ≡ƒôí add observability to secrets: https://dotenvx.com/ops

      at _log (../node_modules/dotenv/lib/main.js:142:11)

    console.log
      DEBUG: createWatchlist req.user: { id: 'user-1', uid: 'user-1' }

      at WatchlistController.createWatchlist (modules/watchlist/watchlist.controller.ts:68:13)

PASS src/modules/stocktwits/stocktwits.controller.spec.ts
  ΓùÅ Console

    console.log
      [dotenv@17.2.3] injecting env (15) from .env -- tip: ≡ƒ¢á∩╕Å  run anywhere with `dotenvx run -- yourcommand`

      at _log (../node_modules/dotenv/lib/main.js:142:11)

PASS src/modules/market-data/market-data-bulk.controller.spec.ts
  ΓùÅ Console

    console.log
      [dotenv@17.2.3] injecting env (15) from .env -- tip: ≡ƒöä add secrets lifecycle management: https://dotenvx.com/ops

      at _log (../node_modules/dotenv/lib/main.js:142:11)

PASS src/modules/tickers/ticker-detail.controller.spec.ts
  ΓùÅ Console

    console.log
      [dotenv@17.2.3] injecting env (15) from .env -- tip: ΓÜÖ∩╕Å  load multiple .env files with { path: ['.env.local', '.env'] }

      at _log (../node_modules/dotenv/lib/main.js:142:11)

    console.error
      Error getting snapshot for INVALID: Error: Ticker not found
          at Object.<anonymous> (C:\Users\brani\Documents\GitHub\neural-ticker-core\src\modules\tickers\ticker-detail.controller.spec.ts:111:9)
          at Promise.finally.completed (C:\Users\brani\Documents\GitHub\neural-ticker-core\node_modules\jest-circus\build\jestAdapterInit.js:1557:28)
          at new Promise (<anonymous>)
          at callAsyncCircusFn (C:\Users\brani\Documents\GitHub\neural-ticker-core\node_modules\jest-circus\build\jestAdapterInit.js:1497:10)
          at _callCircusTest (C:\Users\brani\Documents\GitHub\neural-ticker-core\node_modules\jest-circus\build\jestAdapterInit.js:1007:40)
          at processTicksAndRejections (node:internal/process/task_queues:105:5)
          at _runTest (C:\Users\brani\Documents\GitHub\neural-ticker-core\node_modules\jest-circus\build\jestAdapterInit.js:947:3)
          at C:\Users\brani\Documents\GitHub\neural-ticker-core\node_modules\jest-circus\build\jestAdapterInit.js:849:7
          at _runTestsForDescribeBlock (C:\Users\brani\Documents\GitHub\neural-ticker-core\node_modules\jest-circus\build\jestAdapterInit.js:862:11)
          at _runTestsForDescribeBlock (C:\Users\brani\Documents\GitHub\neural-ticker-core\node_modules\jest-circus\build\jestAdapterInit.js:857:11)
          at _runTestsForDescribeBlock (C:\Users\brani\Documents\GitHub\neural-ticker-core\node_modules\jest-circus\build\jestAdapterInit.js:857:11)
          at run (C:\Users\brani\Documents\GitHub\neural-ticker-core\node_modules\jest-circus\build\jestAdapterInit.js:761:3)
          at runAndTransformResultsToJestFormat (C:\Users\brani\Documents\GitHub\neural-ticker-core\node_modules\jest-circus\build\jestAdapterInit.js:1918:21)
          at jestAdapter (C:\Users\brani\Documents\GitHub\neural-ticker-core\node_modules\jest-circus\build\runner.js:101:19)
          at runTestInternal (C:\Users\brani\Documents\GitHub\neural-ticker-core\node_modules\jest-runner\build\testWorker.js:275:16)
          at runTest (C:\Users\brani\Documents\GitHub\neural-ticker-core\node_modules\jest-runner\build\testWorker.js:343:7)
          at Object.worker (C:\Users\brani\Documents\GitHub\neural-ticker-core\node_modules\jest-runner\build\testWorker.js:497:12)

      34 |       snapshot = await this.marketDataService.getSnapshot(symbol);
      35 |     } catch (e) {
    > 36 |       console.error(`Error getting snapshot for ${symbol}:`, e);
         |               ^
      37 |       throw e;
      38 |     }
      39 |

      at TickerDetailController.getCompositeData (modules/tickers/ticker-detail.controller.ts:36:15)
      at Object.<anonymous> (modules/tickers/ticker-detail.controller.spec.ts:114:7)

PASS src/modules/portfolio/portfolio.service.spec.ts
  ΓùÅ Console

    console.log
      [dotenv@17.2.3] injecting env (15) from .env -- tip: ΓÜÖ∩╕Å  load multiple .env files with { path: ['.env.local', '.env'] }

      at _log (../node_modules/dotenv/lib/main.js:142:11)

PASS src/modules/risk-reward/risk-reward.controller.spec.ts
  ΓùÅ Console

    console.log
      [dotenv@17.2.3] injecting env (15) from .env -- tip: ≡ƒùé∩╕Å backup and recover secrets: https://dotenvx.com/ops

      at _log (../node_modules/dotenv/lib/main.js:142:11)

(node:12364) [DEP0040] DeprecationWarning: The `punycode` module is deprecated. Please use a userland alternative instead.
(Use `node --trace-deprecation ...` to show where the warning was created)
PASS src/modules/users/users.controller.spec.ts
  ΓùÅ Console

    console.log
      [dotenv@17.2.3] injecting env (15) from .env -- tip: ΓÜÖ∩╕Å  load multiple .env files with { path: ['.env.local', '.env'] }

      at _log (../node_modules/dotenv/lib/main.js:142:11)

PASS src/modules/jobs/jobs.controller.spec.ts
  ΓùÅ Console

    console.log
      [dotenv@17.2.3] injecting env (15) from .env -- tip: ≡ƒùé∩╕Å backup and recover secrets: https://dotenvx.com/ops

      at _log (../node_modules/dotenv/lib/main.js:142:11)

PASS src/modules/users/credit.service.spec.ts
  ΓùÅ Console

    console.log
      [dotenv@17.2.3] injecting env (15) from .env -- tip: ≡ƒöÉ encrypt with Dotenvx: https://dotenvx.com

      at _log (../node_modules/dotenv/lib/main.js:142:11)

PASS src/modules/social/social.service.spec.ts
  ΓùÅ Console

    console.log
      [dotenv@17.2.3] injecting env (15) from .env -- tip: Γ£à audit secrets and track compliance: https://dotenvx.com/ops

      at _log (../node_modules/dotenv/lib/main.js:142:11)

PASS src/modules/users/users.service.spec.ts
  ΓùÅ Console

    console.log
      [dotenv@17.2.3] injecting env (15) from .env -- tip: ΓÜÖ∩╕Å  suppress all logs with { quiet: true }

      at _log (../node_modules/dotenv/lib/main.js:142:11)

PASS src/modules/users/admin.controller.spec.ts
  ΓùÅ Console

    console.log
      [dotenv@17.2.3] injecting env (15) from .env -- tip: ΓÜÖ∩╕Å  specify custom .env file path with { path: '/custom/path/.env' }

      at _log (../node_modules/dotenv/lib/main.js:142:11)

PASS src/modules/social/social.controller.spec.ts
  ΓùÅ Console

    console.log
      [dotenv@17.2.3] injecting env (15) from .env -- tip: ≡ƒæÑ sync secrets across teammates & machines: https://dotenvx.com/ops

      at _log (../node_modules/dotenv/lib/main.js:142:11)

PASS src/modules/market-data/market-data.controller.spec.ts
  ΓùÅ Console

    console.log
      [dotenv@17.2.3] injecting env (15) from .env -- tip: Γ£à audit secrets and track compliance: https://dotenvx.com/ops

      at _log (../node_modules/dotenv/lib/main.js:142:11)

PASS src/modules/market-data/news.controller.spec.ts
  ΓùÅ Console

    console.log
      [dotenv@17.2.3] injecting env (15) from .env -- tip: ≡ƒöæ add access controls to secrets: https://dotenvx.com/ops

      at _log (../node_modules/dotenv/lib/main.js:142:11)

(node:9020) [DEP0040] DeprecationWarning: The `punycode` module is deprecated. Please use a userland alternative instead.
(Use `node --trace-deprecation ...` to show where the warning was created)
PASS src/modules/auth/auth.service.spec.ts
  ΓùÅ Console

    console.log
      [dotenv@17.2.3] injecting env (15) from .env -- tip: ΓÜÖ∩╕Å  suppress all logs with { quiet: true }

      at _log (../node_modules/dotenv/lib/main.js:142:11)

PASS src/modules/health/health.controller.spec.ts
  ΓùÅ Console

    console.log
      [dotenv@17.2.3] injecting env (15) from .env -- tip: ΓÜÖ∩╕Å  specify custom .env file path with { path: '/custom/path/.env' }

      at _log (../node_modules/dotenv/lib/main.js:142:11)

[Nest] 6196  - 10. 01. 2026 13:32:38   ERROR [QualityScoringService] Failed to score note: LLM Failed
PASS src/modules/research/quality-scoring.service.spec.ts
  ΓùÅ Console

    console.log
      [dotenv@17.2.3] injecting env (15) from .env -- tip: ΓÜÖ∩╕Å  enable debug logging with { debug: true }

      at _log (../node_modules/dotenv/lib/main.js:142:11)

PASS src/modules/auth/guards/google-auth.guard.spec.ts
  ΓùÅ Console

    console.log
      [dotenv@17.2.3] injecting env (15) from .env -- tip: ΓÜÖ∩╕Å  load multiple .env files with { path: ['.env.local', '.env'] }

      at _log (../node_modules/dotenv/lib/main.js:142:11)

    console.log
      [GoogleAuthGuard] Generated Options: { callbackURL: 'https://example.com/callback', state: undefined }

      at GoogleAuthGuard.getAuthenticateOptions (modules/auth/guards/google-auth.guard.ts:39:13)

    console.log
      [GoogleAuthGuard] Generated Options: {
        callbackURL: 'https://myapp.com/api/auth/google/callback',
        state: undefined
      }

      at GoogleAuthGuard.getAuthenticateOptions (modules/auth/guards/google-auth.guard.ts:39:13)

    console.log
      [GoogleAuthGuard] Generated Options: {
        callbackURL: 'https://example.com/callback',
        state: '{"intent":"waitlist"}'
      }

      at GoogleAuthGuard.getAuthenticateOptions (modules/auth/guards/google-auth.guard.ts:39:13)

    console.log
      [GoogleAuthGuard] Generated Options: { callbackURL: 'https://example.com/callback', state: undefined }

      at GoogleAuthGuard.getAuthenticateOptions (modules/auth/guards/google-auth.guard.ts:39:13)

    console.log
      [GoogleAuthGuard] Generated Options: {
        callbackURL: 'https://myapp.com/api/auth/google/callback',
        state: undefined
      }

      at GoogleAuthGuard.getAuthenticateOptions (modules/auth/guards/google-auth.guard.ts:39:13)

    console.log
      [GoogleAuthGuard] Generated Options: {
        callbackURL: 'http://localhost:3000/api/auth/google/callback',
        state: undefined
      }

      at GoogleAuthGuard.getAuthenticateOptions (modules/auth/guards/google-auth.guard.ts:39:13)

[Nest] 17392  - 10. 01. 2026 13:32:38   ERROR [OpenAiProvider] OpenAI call failed: Rate limit exceeded
PASS src/modules/llm/providers/openai.provider.spec.ts
  ΓùÅ Console

    console.log
      [dotenv@17.2.3] injecting env (15) from .env -- tip: ≡ƒ¢á∩╕Å  run anywhere with `dotenvx run -- yourcommand`

      at _log (../node_modules/dotenv/lib/main.js:142:11)

PASS src/modules/llm/providers/gemini.provider.spec.ts
  ΓùÅ Console

    console.log
      [dotenv@17.2.3] injecting env (15) from .env -- tip: ≡ƒöÉ prevent committing .env to code: https://dotenvx.com/precommit

      at _log (../node_modules/dotenv/lib/main.js:142:11)

[Nest] 7420  - 10. 01. 2026 13:32:39   ERROR [FirebaseService] [FATAL] Invalid Firebase Credentials! Missing private_key or client_email. Found keys: client_email
PASS src/modules/firebase/firebase.service.spec.ts
  ΓùÅ Console

    console.log
      [dotenv@17.2.3] injecting env (15) from .env -- tip: ΓÜÖ∩╕Å  load multiple .env files with { path: ['.env.local', '.env'] }

      at _log (../node_modules/dotenv/lib/main.js:142:11)

[Nest] 16980  - 10. 01. 2026 13:32:39   ERROR [ProxyController] Failed to proxy image: https://evil.com/image.png
[Nest] 16980  - 10. 01. 2026 13:32:39   ERROR [ProxyController] BadRequestException: Only finnhub.io images are allowed
    at ProxyController.proxyImage (C:\Users\brani\Documents\GitHub\neural-ticker-core\src\modules\proxy\proxy.controller.ts:44:15)
    at Object.<anonymous> (C:\Users\brani\Documents\GitHub\neural-ticker-core\src\modules\proxy\proxy.controller.spec.ts:55:24)
    at Promise.finally.completed (C:\Users\brani\Documents\GitHub\neural-ticker-core\node_modules\jest-circus\build\jestAdapterInit.js:1557:28)
    at new Promise (<anonymous>)
    at callAsyncCircusFn (C:\Users\brani\Documents\GitHub\neural-ticker-core\node_modules\jest-circus\build\jestAdapterInit.js:1497:10)
    at _callCircusTest (C:\Users\brani\Documents\GitHub\neural-ticker-core\node_modules\jest-circus\build\jestAdapterInit.js:1007:40)
    at processTicksAndRejections (node:internal/process/task_queues:105:5)
    at _runTest (C:\Users\brani\Documents\GitHub\neural-ticker-core\node_modules\jest-circus\build\jestAdapterInit.js:947:3)
    at C:\Users\brani\Documents\GitHub\neural-ticker-core\node_modules\jest-circus\build\jestAdapterInit.js:849:7
    at _runTestsForDescribeBlock (C:\Users\brani\Documents\GitHub\neural-ticker-core\node_modules\jest-circus\build\jestAdapterInit.js:862:11)
    at _runTestsForDescribeBlock (C:\Users\brani\Documents\GitHub\neural-ticker-core\node_modules\jest-circus\build\jestAdapterInit.js:857:11)
    at _runTestsForDescribeBlock (C:\Users\brani\Documents\GitHub\neural-ticker-core\node_modules\jest-circus\build\jestAdapterInit.js:857:11)
    at run (C:\Users\brani\Documents\GitHub\neural-ticker-core\node_modules\jest-circus\build\jestAdapterInit.js:761:3)
    at runAndTransformResultsToJestFormat (C:\Users\brani\Documents\GitHub\neural-ticker-core\node_modules\jest-circus\build\jestAdapterInit.js:1918:21)
    at jestAdapter (C:\Users\brani\Documents\GitHub\neural-ticker-core\node_modules\jest-circus\build\runner.js:101:19)
    at runTestInternal (C:\Users\brani\Documents\GitHub\neural-ticker-core\node_modules\jest-runner\build\testWorker.js:275:16)
    at runTest (C:\Users\brani\Documents\GitHub\neural-ticker-core\node_modules\jest-runner\build\testWorker.js:343:7)
    at Object.worker (C:\Users\brani\Documents\GitHub\neural-ticker-core\node_modules\jest-runner\build\testWorker.js:497:12) {
  response: {
    message: 'Only finnhub.io images are allowed',
    error: 'Bad Request',
    statusCode: 400
  },
  status: 400,
  options: {}
}
[Nest] 16980  - 10. 01. 2026 13:32:39   ERROR [ProxyController] Failed to proxy image: https://static.finnhub.io/logo/aapl.png
[Nest] 9020  - 10. 01. 2026 13:32:39   ERROR [GoogleAuthExceptionFilter] Google Auth Failed: User test@example.com is not on the invite list
[Nest] 9020  - 10. 01. 2026 13:32:39   ERROR [GoogleAuthExceptionFilter] Google Auth Failed: Some other authentication error
[Nest] 9020  - 10. 01. 2026 13:32:39   ERROR [GoogleAuthExceptionFilter] Google Auth Failed: string error
[Nest] 9020  - 10. 01. 2026 13:32:39   ERROR [GoogleAuthExceptionFilter] Google Auth Failed: Auth error
PASS src/modules/auth/filters/google-auth-exception.filter.spec.ts
  ΓùÅ Console

    console.log
      [dotenv@17.2.3] injecting env (15) from .env -- tip: ≡ƒöÉ prevent building .env in docker: https://dotenvx.com/prebuild

      at _log (../node_modules/dotenv/lib/main.js:142:11)

[Nest] 7324  - 10. 01. 2026 13:32:39   ERROR [FinnhubService] Finnhub API Error [AAPL]: API Error
PASS src/common/transformers/column-numeric.transformer.spec.ts
  ΓùÅ Console

    console.log
      [dotenv@17.2.3] injecting env (15) from .env -- tip: ΓÜÖ∩╕Å  suppress all logs with { quiet: true }

      at _log (../node_modules/dotenv/lib/main.js:142:11)

[Nest] 16980  - 10. 01. 2026 13:32:39   ERROR [ProxyController] Error: Network Error
    at C:\Users\brani\Documents\GitHub\neural-ticker-core\src\modules\proxy\proxy.controller.spec.ts:95:26
    at Observable.init [as _subscribe] (C:\Users\brani\Documents\GitHub\neural-ticker-core\node_modules\rxjs\src\internal\observable\throwError.ts:123:68)
    at Observable._trySubscribe (C:\Users\brani\Documents\GitHub\neural-ticker-core\node_modules\rxjs\src\internal\Observable.ts:235:19)
    at C:\Users\brani\Documents\GitHub\neural-ticker-core\node_modules\rxjs\src\internal\Observable.ts:225:18
    at Object.errorContext (C:\Users\brani\Documents\GitHub\neural-ticker-core\node_modules\rxjs\src\internal\util\errorContext.ts:29:5)
    at Observable.subscribe (C:\Users\brani\Documents\GitHub\neural-ticker-core\node_modules\rxjs\src\internal\Observable.ts:211:5)
    at C:\Users\brani\Documents\GitHub\neural-ticker-core\node_modules\rxjs\src\internal\firstValueFrom.ts:73:12
    at new Promise (<anonymous>)
    at firstValueFrom (C:\Users\brani\Documents\GitHub\neural-ticker-core\node_modules\rxjs\src\internal\firstValueFrom.ts:58:10)
    at ProxyController.proxyImage (C:\Users\brani\Documents\GitHub\neural-ticker-core\src\modules\proxy\proxy.controller.ts:49:44)
    at Object.<anonymous> (C:\Users\brani\Documents\GitHub\neural-ticker-core\src\modules\proxy\proxy.controller.spec.ts:104:24)
    at Promise.finally.completed (C:\Users\brani\Documents\GitHub\neural-ticker-core\node_modules\jest-circus\build\jestAdapterInit.js:1557:28)
    at new Promise (<anonymous>)
    at callAsyncCircusFn (C:\Users\brani\Documents\GitHub\neural-ticker-core\node_modules\jest-circus\build\jestAdapterInit.js:1497:10)
    at _callCircusTest (C:\Users\brani\Documents\GitHub\neural-ticker-core\node_modules\jest-circus\build\jestAdapterInit.js:1007:40)
    at processTicksAndRejections (node:internal/process/task_queues:105:5)
    at _runTest (C:\Users\brani\Documents\GitHub\neural-ticker-core\node_modules\jest-circus\build\jestAdapterInit.js:947:3)
    at C:\Users\brani\Documents\GitHub\neural-ticker-core\node_modules\jest-circus\build\jestAdapterInit.js:849:7
    at _runTestsForDescribeBlock (C:\Users\brani\Documents\GitHub\neural-ticker-core\node_modules\jest-circus\build\jestAdapterInit.js:862:11)
    at _runTestsForDescribeBlock (C:\Users\brani\Documents\GitHub\neural-ticker-core\node_modules\jest-circus\build\jestAdapterInit.js:857:11)
    at _runTestsForDescribeBlock (C:\Users\brani\Documents\GitHub\neural-ticker-core\node_modules\jest-circus\build\jestAdapterInit.js:857:11)
    at run (C:\Users\brani\Documents\GitHub\neural-ticker-core\node_modules\jest-circus\build\jestAdapterInit.js:761:3)
    at runAndTransformResultsToJestFormat (C:\Users\brani\Documents\GitHub\neural-ticker-core\node_modules\jest-circus\build\jestAdapterInit.js:1918:21)
    at jestAdapter (C:\Users\brani\Documents\GitHub\neural-ticker-core\node_modules\jest-circus\build\runner.js:101:19)
    at runTestInternal (C:\Users\brani\Documents\GitHub\neural-ticker-core\node_modules\jest-runner\build\testWorker.js:275:16)
    at runTest (C:\Users\brani\Documents\GitHub\neural-ticker-core\node_modules\jest-runner\build\testWorker.js:343:7)
    at Object.worker (C:\Users\brani\Documents\GitHub\neural-ticker-core\node_modules\jest-runner\build\testWorker.js:497:12)
PASS src/modules/proxy/proxy.controller.spec.ts
  ΓùÅ Console

    console.log
      [dotenv@17.2.3] injecting env (15) from .env -- tip: ≡ƒöÉ prevent building .env in docker: https://dotenvx.com/prebuild

      at _log (../node_modules/dotenv/lib/main.js:142:11)

PASS src/modules/finnhub/finnhub.service.spec.ts
  ΓùÅ Console

    console.log
      [dotenv@17.2.3] injecting env (15) from .env -- tip: ≡ƒöÉ prevent building .env in docker: https://dotenvx.com/prebuild

      at _log (../node_modules/dotenv/lib/main.js:142:11)

PASS src/modules/llm/llm.service.spec.ts
  ΓùÅ Console

    console.log
      [dotenv@17.2.3] injecting env (15) from .env -- tip: ΓÜÖ∩╕Å  specify custom .env file path with { path: '/custom/path/.env' }

      at _log (../node_modules/dotenv/lib/main.js:142:11)

PASS src/modules/auth/guards/roles.guard.spec.ts
  ΓùÅ Console

    console.log
      [dotenv@17.2.3] injecting env (15) from .env -- tip: ΓÜÖ∩╕Å  override existing env vars with { override: true }

      at _log (../node_modules/dotenv/lib/main.js:142:11)

[Nest] 6196  - 10. 01. 2026 13:32:39   ERROR [YahooFinanceService] Quote fetch failed for AAPL: API Error
PASS src/modules/yahoo-finance/yahoo-finance.service.spec.ts
  ΓùÅ Console

    console.log
      [dotenv@17.2.3] injecting env (15) from .env -- tip: ΓÜÖ∩╕Å  suppress all logs with { quiet: true }

      at _log (../node_modules/dotenv/lib/main.js:142:11)

PASS src/modules/users/nickname-generator.service.spec.ts
  ΓùÅ Console

    console.log
      [dotenv@17.2.3] injecting env (15) from .env -- tip: ≡ƒöä add secrets lifecycle management: https://dotenvx.com/ops

      at _log (../node_modules/dotenv/lib/main.js:142:11)

PASS src/app.controller.spec.ts
  ΓùÅ Console

    console.log
      [dotenv@17.2.3] injecting env (15) from .env -- tip: ΓÜÖ∩╕Å  suppress all logs with { quiet: true }

      at _log (../node_modules/dotenv/lib/main.js:142:11)

[Nest] 9232  - 10. 01. 2026 13:32:40   ERROR [JobsService] Failed to sync FAIL: Sync failed
[Nest] 9232  - 10. 01. 2026 13:32:41   ERROR [JobsService] Daily candle sync failed globally
[Nest] 9232  - 10. 01. 2026 13:32:41   ERROR [JobsService] Error: Global fail
    at Object.<anonymous> (C:\Users\brani\Documents\GitHub\neural-ticker-core\src\modules\jobs\jobs.service.spec.ts:94:9)
    at Promise.finally.completed (C:\Users\brani\Documents\GitHub\neural-ticker-core\node_modules\jest-circus\build\jestAdapterInit.js:1557:28)
    at new Promise (<anonymous>)
    at callAsyncCircusFn (C:\Users\brani\Documents\GitHub\neural-ticker-core\node_modules\jest-circus\build\jestAdapterInit.js:1497:10)
    at _callCircusTest (C:\Users\brani\Documents\GitHub\neural-ticker-core\node_modules\jest-circus\build\jestAdapterInit.js:1007:40)
    at _runTest (C:\Users\brani\Documents\GitHub\neural-ticker-core\node_modules\jest-circus\build\jestAdapterInit.js:947:3)
    at C:\Users\brani\Documents\GitHub\neural-ticker-core\node_modules\jest-circus\build\jestAdapterInit.js:849:7
    at _runTestsForDescribeBlock (C:\Users\brani\Documents\GitHub\neural-ticker-core\node_modules\jest-circus\build\jestAdapterInit.js:862:11)
    at _runTestsForDescribeBlock (C:\Users\brani\Documents\GitHub\neural-ticker-core\node_modules\jest-circus\build\jestAdapterInit.js:857:11)
    at _runTestsForDescribeBlock (C:\Users\brani\Documents\GitHub\neural-ticker-core\node_modules\jest-circus\build\jestAdapterInit.js:857:11)
    at run (C:\Users\brani\Documents\GitHub\neural-ticker-core\node_modules\jest-circus\build\jestAdapterInit.js:761:3)
    at runAndTransformResultsToJestFormat (C:\Users\brani\Documents\GitHub\neural-ticker-core\node_modules\jest-circus\build\jestAdapterInit.js:1918:21)
    at jestAdapter (C:\Users\brani\Documents\GitHub\neural-ticker-core\node_modules\jest-circus\build\runner.js:101:19)
    at runTestInternal (C:\Users\brani\Documents\GitHub\neural-ticker-core\node_modules\jest-runner\build\testWorker.js:275:16)
    at runTest (C:\Users\brani\Documents\GitHub\neural-ticker-core\node_modules\jest-runner\build\testWorker.js:343:7)
    at Object.worker (C:\Users\brani\Documents\GitHub\neural-ticker-core\node_modules\jest-runner\build\testWorker.js:497:12)
PASS src/modules/jobs/jobs.service.spec.ts (6.578 s)
  ΓùÅ Console

    console.log
      [dotenv@17.2.3] injecting env (15) from .env -- tip: ΓÜÖ∩╕Å  enable debug logging with { debug: true }

      at _log (../node_modules/dotenv/lib/main.js:142:11)


Test Suites: 1 skipped, 42 passed, 42 of 43 total
Tests:       1 skipped, 336 passed, 337 total
Snapshots:   0 total
Time:        7.344 s
Ran all test suites.
